src/app/admin/ai-analysis/page.tsx(42,35): error TS2345: Argument of type 'AnalysisResult' is not assignable to parameter of type 'SetStateAction<{ clientName: string; policies: ExtractedPolicy[]; } | null>'.
  Type 'AnalysisResult' is not assignable to type '{ clientName: string; policies: ExtractedPolicy[]; }'.
    Types of property 'policies' are incompatible.
      Type 'import("C:/Users/User/.gemini/antigravity/playground/pulsing-chromosphere/src/lib/ai/ai-service").ExtractedPolicy[]' is not assignable to type 'ExtractedPolicy[]'.
        Type 'import("C:/Users/User/.gemini/antigravity/playground/pulsing-chromosphere/src/lib/ai/ai-service").ExtractedPolicy' is not assignable to type 'ExtractedPolicy'.
          Types of property 'id' are incompatible.
            Type 'string | undefined' is not assignable to type 'string'.
              Type 'undefined' is not assignable to type 'string'.
src/app/admin/settings/statuses/page.tsx(159,29): error TS2741: Property 'label' is missing in type '{ id: string; labelHe: string; icon: string; badge: number; }' but required in type 'Tab'.
src/app/admin/settings/statuses/page.tsx(160,29): error TS2741: Property 'label' is missing in type '{ id: string; labelHe: string; icon: string; badge: number; }' but required in type 'Tab'.
src/lib/automation/sla-tracker.ts(79,69): error TS2339: Property 'status' does not exist on type '{ id: string; }'.
src/lib/automation/sla-tracker.ts(83,58): error TS2345: Argument of type '{ id: string; }' is not assignable to parameter of type 'Task'.
  Type '{ id: string; }' is missing the following properties from type 'Task': title, type, status, priority, and 7 more.
src/lib/automation/sla-tracker.ts(90,26): error TS2339: Property 'assignedTo' does not exist on type '{ id: string; }'.
src/lib/automation/sla-tracker.ts(91,49): error TS2339: Property 'assignedTo' does not exist on type '{ id: string; }'.
src/lib/automation/sla-tracker.ts(94,50): error TS2339: Property 'title' does not exist on type '{ id: string; }'.
src/lib/automation/sla-tracker.ts(99,35): error TS2345: Argument of type '{ status: "overdue"; id: string; }' is not assignable to parameter of type 'Task'.
  Type '{ status: "overdue"; id: string; }' is missing the following properties from type 'Task': title, type, priority, date, and 6 more.
src/lib/automation/sla-tracker.ts(120,69): error TS2339: Property 'status' does not exist on type '{ id: string; }'.
src/lib/automation/sla-tracker.ts(124,64): error TS2345: Argument of type '{ id: string; }' is not assignable to parameter of type 'Task'.
  Type '{ id: string; }' is missing the following properties from type 'Task': title, type, status, priority, and 7 more.
src/lib/automation/sla-tracker.ts(129,26): error TS2339: Property 'assignedTo' does not exist on type '{ id: string; }'.
src/lib/automation/sla-tracker.ts(130,49): error TS2339: Property 'assignedTo' does not exist on type '{ id: string; }'.
src/lib/automation/sla-tracker.ts(133,50): error TS2339: Property 'title' does not exist on type '{ id: string; }'.
src/lib/automation/sla-tracker.ts(138,34): error TS2345: Argument of type '{ id: string; }' is not assignable to parameter of type 'Task'.
  Type '{ id: string; }' is missing the following properties from type 'Task': title, type, status, priority, and 7 more.
src/lib/automation/sla-tracker.ts(175,36): error TS2339: Property 'createdAt' does not exist on type '{ id: string; }'.
src/lib/automation/sla-tracker.ts(175,69): error TS2339: Property 'createdAt' does not exist on type '{ id: string; }'.
src/lib/automation/sla-tracker.ts(175,95): error TS2339: Property 'createdAt' does not exist on type '{ id: string; }'.
src/lib/automation/sla-tracker.ts(187,22): error TS2339: Property 'status' does not exist on type '{ id: string; }'.
src/lib/automation/sla-tracker.ts(191,40): error TS2339: Property 'createdAt' does not exist on type '{ id: string; }'.
src/lib/automation/sla-tracker.ts(191,73): error TS2339: Property 'createdAt' does not exist on type '{ id: string; }'.
src/lib/automation/sla-tracker.ts(191,99): error TS2339: Property 'createdAt' does not exist on type '{ id: string; }'.
src/lib/automation/sla-tracker.ts(192,42): error TS2339: Property 'updatedAt' does not exist on type '{ id: string; }'.
src/lib/automation/sla-tracker.ts(192,75): error TS2339: Property 'updatedAt' does not exist on type '{ id: string; }'.
src/lib/automation/sla-tracker.ts(192,101): error TS2339: Property 'updatedAt' does not exist on type '{ id: string; }'.
src/lib/automation/sla-tracker.ts(196,29): error TS2339: Property 'status' does not exist on type '{ id: string; }'.
src/lib/automation/sla-tracker.ts(199,61): error TS2345: Argument of type '{ id: string; }' is not assignable to parameter of type 'Task'.
  Type '{ id: string; }' is missing the following properties from type 'Task': title, type, status, priority, and 7 more.
src/lib/automation/workflow-automation.ts(23,36): error TS2339: Property 'isActive' does not exist on type '{ id: string; }'.
src/lib/automation/workflow-automation.ts(31,36): error TS2339: Property 'steps' does not exist on type '{ id: string; }'.
src/lib/automation/workflow-automation.ts(31,47): error TS7006: Parameter 's' implicitly has an 'any' type.
src/lib/automation/workflow-automation.ts(33,49): error TS2345: Argument of type '{ id: string; }' is not assignable to parameter of type 'Workflow'.
  Type '{ id: string; }' is missing the following properties from type 'Workflow': name, steps, isActive, createdAt, and 2 more.
src/lib/automation/workflow-automation.ts(112,66): error TS2339: Property 'workflowId' does not exist on type '{ id: string; }'.
src/lib/automation/workflow-automation.ts(115,34): error TS2339: Property 'steps' does not exist on type '{ id: string; }'.
src/lib/automation/workflow-automation.ts(115,45): error TS7006: Parameter 's' implicitly has an 'any' type.
src/lib/automation/workflow-automation.ts(115,76): error TS2339: Property 'currentStep' does not exist on type '{ id: string; }'.
src/lib/automation/workflow-automation.ts(122,70): error TS2339: Property 'workflowId' does not exist on type '{ id: string; }'.
src/lib/automation/workflow-automation.ts(124,16): error TS2339: Property 'stepNumber' does not exist on type '{ id: string; }'.
src/lib/automation/workflow-automation.ts(124,40): error TS2339: Property 'currentStep' does not exist on type '{ id: string; }'.
src/lib/automation/workflow-automation.ts(124,57): error TS2339: Property 'clientId' does not exist on type '{ id: string; }'.
src/lib/automation/workflow-automation.ts(124,79): error TS2339: Property 'clientId' does not exist on type '{ id: string; }'.
src/lib/automation/workflow-automation.ts(127,29): error TS2339: Property 'status' does not exist on type '{ id: string; }'.
src/lib/automation/workflow-automation.ts(139,66): error TS2339: Property 'workflowId' does not exist on type '{ id: string; }'.
src/lib/automation/workflow-automation.ts(149,37): error TS2339: Property 'currentStep' does not exist on type '{ id: string; }'.
src/lib/automation/workflow-automation.ts(150,31): error TS2339: Property 'steps' does not exist on type '{ id: string; }'.
src/lib/automation/workflow-automation.ts(150,42): error TS7006: Parameter 's' implicitly has an 'any' type.
src/lib/automation/workflow-automation.ts(176,13): error TS2345: Argument of type '{ id: string; }' is not assignable to parameter of type 'Workflow'.
  Type '{ id: string; }' is missing the following properties from type 'Workflow': name, steps, isActive, createdAt, and 2 more.
src/lib/automation/workflow-automation.ts(178,22): error TS2339: Property 'clientId' does not exist on type '{ id: string; }'.
src/lib/automation/workflow-automation.ts(179,22): error TS2339: Property 'clientName' does not exist on type '{ id: string; }'.
src/lib/automation/workflow-automation.ts(180,22): error TS2339: Property 'startedBy' does not exist on type '{ id: string; }'.
src/lib/automation/workflow-automation.ts(186,28): error TS2339: Property 'currentStep' does not exist on type '{ id: string; }'.
src/lib/automation/workflow-automation.ts(195,41): error TS2551: Property 'getTask' does not exist on type '{ getUsers(): Promise<{ id: string; }[]>; getClients(): Promise<{ id: string; }[]>; getClient(id: string): Promise<{ id: string; } | null>; addClient(data: any): Promise<...>; ... 71 more ...; getDocument(collectionName: string, docId: string): Promise<...>; }'. Did you mean 'getTasks'?
src/lib/automation/workflow-automation.ts(201,16): error TS2339: Property 'workflowId' does not exist on type '{ id: string; }'.
src/lib/automation/workflow-automation.ts(201,52): error TS2339: Property 'status' does not exist on type '{ id: string; }'.
src/lib/automation/workflow-automation.ts(207,44): error TS2339: Property 'currentStep' does not exist on type '{ id: string; }'.
src/lib/firebase/firestore-service.ts(690,61): error TS2698: Spread types may only be created from object types.
